
> gautam_nagar@0.0.0 type-check
> tsc --noEmit

src/components/sections/dashboard/EndOfDaySummarySection.tsx(18,10): error TS2769: No overload matches this call.
  Overload 1 of 2, '(props: { component: ElementType<any, keyof IntrinsicElements>; } & StackOwnProps & CommonProps & Omit<any, keyof CommonProps | keyof StackOwnProps>): Element | null', gave the following error.
    Property 'component' is missing in type '{ children: Element[]; direction: "row"; spacing: number; justifyContent: string; }' but required in type '{ component: ElementType<any, keyof IntrinsicElements>; }'.
  Overload 2 of 2, '(props: DefaultComponentProps<StackTypeMap<{}, "div">>): Element | null', gave the following error.
    Type '{ children: Element[]; direction: "row"; spacing: number; justifyContent: string; }' is not assignable to type 'IntrinsicAttributes & StackOwnProps & CommonProps & Omit<DetailedHTMLProps<HTMLAttributes<HTMLDivElement>, HTMLDivElement>, keyof CommonProps | keyof StackOwnProps>'.
      Property 'justifyContent' does not exist on type 'IntrinsicAttributes & StackOwnProps & CommonProps & Omit<DetailedHTMLProps<HTMLAttributes<HTMLDivElement>, HTMLDivElement>, keyof CommonProps | keyof StackOwnProps>'.
src/components/sections/dashboard/FulfillmentSection.tsx(64,10): error TS2769: No overload matches this call.
  Overload 1 of 2, '(props: { component: ElementType<any, keyof IntrinsicElements>; } & StackOwnProps & CommonProps & Omit<any, keyof CommonProps | keyof StackOwnProps>): Element | null', gave the following error.
    Property 'component' is missing in type '{ children: Element[]; direction: "row"; justifyContent: string; alignItems: string; }' but required in type '{ component: ElementType<any, keyof IntrinsicElements>; }'.
  Overload 2 of 2, '(props: DefaultComponentProps<StackTypeMap<{}, "div">>): Element | null', gave the following error.
    Type '{ children: Element[]; direction: "row"; justifyContent: string; alignItems: string; }' is not assignable to type 'IntrinsicAttributes & StackOwnProps & CommonProps & Omit<DetailedHTMLProps<HTMLAttributes<HTMLDivElement>, HTMLDivElement>, keyof CommonProps | keyof StackOwnProps>'.
      Property 'justifyContent' does not exist on type 'IntrinsicAttributes & StackOwnProps & CommonProps & Omit<DetailedHTMLProps<HTMLAttributes<HTMLDivElement>, HTMLDivElement>, keyof CommonProps | keyof StackOwnProps>'.
src/components/sections/dashboard/KpiSection.tsx(56,12): error TS2769: No overload matches this call.
  Overload 1 of 2, '(props: { component: ElementType<any, keyof IntrinsicElements>; } & TypographyOwnProps & CommonProps & Omit<any, "color" | ... 9 more ... | "variantMapping">): Element | null', gave the following error.
    Property 'component' is missing in type '{ children: string; variant: "caption"; color: "text.secondary"; fontWeight: number; }' but required in type '{ component: ElementType<any, keyof IntrinsicElements>; }'.
  Overload 2 of 2, '(props: DefaultComponentProps<TypographyTypeMap<{}, "span">>): Element | null', gave the following error.
    Type '{ children: string; variant: "caption"; color: "text.secondary"; fontWeight: number; }' is not assignable to type 'IntrinsicAttributes & TypographyOwnProps & CommonProps & Omit<DetailedHTMLProps<HTMLAttributes<HTMLSpanElement>, HTMLSpanElement>, "color" | ... 9 more ... | "variantMapping">'.
      Property 'fontWeight' does not exist on type 'IntrinsicAttributes & TypographyOwnProps & CommonProps & Omit<DetailedHTMLProps<HTMLAttributes<HTMLSpanElement>, HTMLSpanElement>, "color" | ... 9 more ... | "variantMapping">'.
src/components/sections/dashboard/KpiSection.tsx(59,12): error TS2769: No overload matches this call.
  Overload 1 of 2, '(props: { component: ElementType<any, keyof IntrinsicElements>; } & TypographyOwnProps & CommonProps & Omit<any, "color" | ... 9 more ... | "variantMapping">): Element | null', gave the following error.
    Property 'component' is missing in type '{ children: string; variant: "caption"; color: "text.secondary"; fontWeight: number; }' but required in type '{ component: ElementType<any, keyof IntrinsicElements>; }'.
  Overload 2 of 2, '(props: DefaultComponentProps<TypographyTypeMap<{}, "span">>): Element | null', gave the following error.
    Type '{ children: string; variant: "caption"; color: "text.secondary"; fontWeight: number; }' is not assignable to type 'IntrinsicAttributes & TypographyOwnProps & CommonProps & Omit<DetailedHTMLProps<HTMLAttributes<HTMLSpanElement>, HTMLSpanElement>, "color" | ... 9 more ... | "variantMapping">'.
      Property 'fontWeight' does not exist on type 'IntrinsicAttributes & TypographyOwnProps & CommonProps & Omit<DetailedHTMLProps<HTMLAttributes<HTMLSpanElement>, HTMLSpanElement>, "color" | ... 9 more ... | "variantMapping">'.
src/components/sections/dashboard/SalesOverviewSection.tsx(16,12): error TS2769: No overload matches this call.
  Overload 1 of 2, '(props: { component: ElementType<any, keyof IntrinsicElements>; } & GridBaseProps & { sx?: SxProps<Theme> | undefined; } & Omit<...>): Element | null', gave the following error.
    Property 'component' is missing in type '{ children: Element; key: string; item: true; xs: number; sm: number; lg: number; }' but required in type '{ component: ElementType<any, keyof IntrinsicElements>; }'.
  Overload 2 of 2, '(props: DefaultComponentProps<GridTypeMap<{}, "div">>): Element | null', gave the following error.
    Type '{ children: Element; key: string; item: true; xs: number; sm: number; lg: number; }' is not assignable to type 'IntrinsicAttributes & GridBaseProps & { sx?: SxProps<Theme> | undefined; } & Omit<DetailedHTMLProps<HTMLAttributes<HTMLDivElement>, HTMLDivElement>, "sx" | keyof GridBaseProps>'.
      Property 'item' does not exist on type 'IntrinsicAttributes & GridBaseProps & { sx?: SxProps<Theme> | undefined; } & Omit<DetailedHTMLProps<HTMLAttributes<HTMLDivElement>, HTMLDivElement>, "sx" | keyof GridBaseProps>'.
src/components/sections/dashboard/SalesOverviewSection.tsx(88,20): error TS2769: No overload matches this call.
  Overload 1 of 2, '(props: { component: ElementType<any, keyof IntrinsicElements>; } & TypographyOwnProps & CommonProps & Omit<any, "color" | ... 9 more ... | "variantMapping">): Element | null', gave the following error.
    Property 'component' is missing in type '{ children: string; variant: "h6"; fontWeight: string; color: "text.primary"; sx: { mb: number; }; }' but required in type '{ component: ElementType<any, keyof IntrinsicElements>; }'.
  Overload 2 of 2, '(props: DefaultComponentProps<TypographyTypeMap<{}, "span">>): Element | null', gave the following error.
    Type '{ children: string; variant: "h6"; fontWeight: string; color: "text.primary"; sx: { mb: number; }; }' is not assignable to type 'IntrinsicAttributes & TypographyOwnProps & CommonProps & Omit<DetailedHTMLProps<HTMLAttributes<HTMLSpanElement>, HTMLSpanElement>, "color" | ... 9 more ... | "variantMapping">'.
      Property 'fontWeight' does not exist on type 'IntrinsicAttributes & TypographyOwnProps & CommonProps & Omit<DetailedHTMLProps<HTMLAttributes<HTMLSpanElement>, HTMLSpanElement>, "color" | ... 9 more ... | "variantMapping">'.
src/components/sections/dashboard/SalesOverviewSection.tsx(91,20): error TS2769: No overload matches this call.
  Overload 1 of 2, '(props: { component: ElementType<any, keyof IntrinsicElements>; } & TypographyOwnProps & CommonProps & Omit<any, "color" | ... 9 more ... | "variantMapping">): Element | null', gave the following error.
    Property 'component' is missing in type '{ children: string; variant: "body2"; color: "text.secondary"; fontWeight: string; }' but required in type '{ component: ElementType<any, keyof IntrinsicElements>; }'.
  Overload 2 of 2, '(props: DefaultComponentProps<TypographyTypeMap<{}, "span">>): Element | null', gave the following error.
    Type '{ children: string; variant: "body2"; color: "text.secondary"; fontWeight: string; }' is not assignable to type 'IntrinsicAttributes & TypographyOwnProps & CommonProps & Omit<DetailedHTMLProps<HTMLAttributes<HTMLSpanElement>, HTMLSpanElement>, "color" | ... 9 more ... | "variantMapping">'.
      Property 'fontWeight' does not exist on type 'IntrinsicAttributes & TypographyOwnProps & CommonProps & Omit<DetailedHTMLProps<HTMLAttributes<HTMLSpanElement>, HTMLSpanElement>, "color" | ... 9 more ... | "variantMapping">'.
src/components/sections/dashboard/SalesOverviewSection.tsx(95,18): error TS2769: No overload matches this call.
  Overload 1 of 2, '(props: { component: ElementType<any, keyof IntrinsicElements>; } & TypographyOwnProps & CommonProps & Omit<any, "color" | ... 9 more ... | "variantMapping">): Element | null', gave the following error.
    Property 'component' is missing in type '{ children: string; variant: "caption"; fontWeight: string; sx: { color: "primary.main"; display: "inline-flex"; alignItems: "center"; }; }' but required in type '{ component: ElementType<any, keyof IntrinsicElements>; }'.
  Overload 2 of 2, '(props: DefaultComponentProps<TypographyTypeMap<{}, "span">>): Element | null', gave the following error.
    Type '{ children: string; variant: "caption"; fontWeight: string; sx: { color: "primary.main"; display: "inline-flex"; alignItems: "center"; }; }' is not assignable to type 'IntrinsicAttributes & TypographyOwnProps & CommonProps & Omit<DetailedHTMLProps<HTMLAttributes<HTMLSpanElement>, HTMLSpanElement>, "color" | ... 9 more ... | "variantMapping">'.
      Property 'fontWeight' does not exist on type 'IntrinsicAttributes & TypographyOwnProps & CommonProps & Omit<DetailedHTMLProps<HTMLAttributes<HTMLSpanElement>, HTMLSpanElement>, "color" | ... 9 more ... | "variantMapping">'.
src/components/sections/dashboard/TopProductsSection.tsx(21,10): error TS2769: No overload matches this call.
  Overload 1 of 2, '(props: { component: ElementType<any, keyof IntrinsicElements>; } & TypographyOwnProps & CommonProps & Omit<any, "color" | ... 9 more ... | "variantMapping">): Element | null', gave the following error.
    Property 'component' is missing in type '{ children: string; variant: "caption"; fontWeight: number; }' but required in type '{ component: ElementType<any, keyof IntrinsicElements>; }'.
  Overload 2 of 2, '(props: DefaultComponentProps<TypographyTypeMap<{}, "span">>): Element | null', gave the following error.
    Type '{ children: string; variant: "caption"; fontWeight: number; }' is not assignable to type 'IntrinsicAttributes & TypographyOwnProps & CommonProps & Omit<DetailedHTMLProps<HTMLAttributes<HTMLSpanElement>, HTMLSpanElement>, "color" | ... 9 more ... | "variantMapping">'.
      Property 'fontWeight' does not exist on type 'IntrinsicAttributes & TypographyOwnProps & CommonProps & Omit<DetailedHTMLProps<HTMLAttributes<HTMLSpanElement>, HTMLSpanElement>, "color" | ... 9 more ... | "variantMapping">'.
src/components/sections/dashboard/TopProductsSection.tsx(22,10): error TS2769: No overload matches this call.
  Overload 1 of 2, '(props: { component: ElementType<any, keyof IntrinsicElements>; } & TypographyOwnProps & CommonProps & Omit<any, "color" | ... 9 more ... | "variantMapping">): Element | null', gave the following error.
    Property 'component' is missing in type '{ children: string; variant: "caption"; fontWeight: number; }' but required in type '{ component: ElementType<any, keyof IntrinsicElements>; }'.
  Overload 2 of 2, '(props: DefaultComponentProps<TypographyTypeMap<{}, "span">>): Element | null', gave the following error.
    Type '{ children: string; variant: "caption"; fontWeight: number; }' is not assignable to type 'IntrinsicAttributes & TypographyOwnProps & CommonProps & Omit<DetailedHTMLProps<HTMLAttributes<HTMLSpanElement>, HTMLSpanElement>, "color" | ... 9 more ... | "variantMapping">'.
      Property 'fontWeight' does not exist on type 'IntrinsicAttributes & TypographyOwnProps & CommonProps & Omit<DetailedHTMLProps<HTMLAttributes<HTMLSpanElement>, HTMLSpanElement>, "color" | ... 9 more ... | "variantMapping">'.
src/components/sections/dashboard/TopProductsSection.tsx(23,10): error TS2769: No overload matches this call.
  Overload 1 of 2, '(props: { component: ElementType<any, keyof IntrinsicElements>; } & TypographyOwnProps & CommonProps & Omit<any, "color" | ... 9 more ... | "variantMapping">): Element | null', gave the following error.
    Property 'component' is missing in type '{ children: string; variant: "caption"; fontWeight: number; }' but required in type '{ component: ElementType<any, keyof IntrinsicElements>; }'.
  Overload 2 of 2, '(props: DefaultComponentProps<TypographyTypeMap<{}, "span">>): Element | null', gave the following error.
    Type '{ children: string; variant: "caption"; fontWeight: number; }' is not assignable to type 'IntrinsicAttributes & TypographyOwnProps & CommonProps & Omit<DetailedHTMLProps<HTMLAttributes<HTMLSpanElement>, HTMLSpanElement>, "color" | ... 9 more ... | "variantMapping">'.
      Property 'fontWeight' does not exist on type 'IntrinsicAttributes & TypographyOwnProps & CommonProps & Omit<DetailedHTMLProps<HTMLAttributes<HTMLSpanElement>, HTMLSpanElement>, "color" | ... 9 more ... | "variantMapping">'.
src/components/sections/dashboard/TopProductsSection.tsx(24,10): error TS2769: No overload matches this call.
  Overload 1 of 2, '(props: { component: ElementType<any, keyof IntrinsicElements>; } & TypographyOwnProps & CommonProps & Omit<any, "color" | ... 9 more ... | "variantMapping">): Element | null', gave the following error.
    Property 'component' is missing in type '{ children: string; variant: "caption"; fontWeight: number; }' but required in type '{ component: ElementType<any, keyof IntrinsicElements>; }'.
  Overload 2 of 2, '(props: DefaultComponentProps<TypographyTypeMap<{}, "span">>): Element | null', gave the following error.
    Type '{ children: string; variant: "caption"; fontWeight: number; }' is not assignable to type 'IntrinsicAttributes & TypographyOwnProps & CommonProps & Omit<DetailedHTMLProps<HTMLAttributes<HTMLSpanElement>, HTMLSpanElement>, "color" | ... 9 more ... | "variantMapping">'.
      Property 'fontWeight' does not exist on type 'IntrinsicAttributes & TypographyOwnProps & CommonProps & Omit<DetailedHTMLProps<HTMLAttributes<HTMLSpanElement>, HTMLSpanElement>, "color" | ... 9 more ... | "variantMapping">'.
src/components/sections/dashboard/TopProductsSection.tsx(43,14): error TS2769: No overload matches this call.
  Overload 1 of 2, '(props: { component: ElementType<any, keyof IntrinsicElements>; } & TypographyOwnProps & CommonProps & Omit<any, "color" | ... 9 more ... | "variantMapping">): Element | null', gave the following error.
    Property 'component' is missing in type '{ children: string; color: "text.secondary"; fontWeight: number; }' but required in type '{ component: ElementType<any, keyof IntrinsicElements>; }'.
  Overload 2 of 2, '(props: DefaultComponentProps<TypographyTypeMap<{}, "span">>): Element | null', gave the following error.
    Type '{ children: string; color: "text.secondary"; fontWeight: number; }' is not assignable to type 'IntrinsicAttributes & TypographyOwnProps & CommonProps & Omit<DetailedHTMLProps<HTMLAttributes<HTMLSpanElement>, HTMLSpanElement>, "color" | ... 9 more ... | "variantMapping">'.
      Property 'fontWeight' does not exist on type 'IntrinsicAttributes & TypographyOwnProps & CommonProps & Omit<DetailedHTMLProps<HTMLAttributes<HTMLSpanElement>, HTMLSpanElement>, "color" | ... 9 more ... | "variantMapping">'.
src/components/sections/dashboard/TopProductsSection.tsx(44,14): error TS2769: No overload matches this call.
  Overload 1 of 2, '(props: { component: ElementType<any, keyof IntrinsicElements>; } & TypographyOwnProps & CommonProps & Omit<any, "color" | ... 9 more ... | "variantMapping">): Element | null', gave the following error.
    Property 'component' is missing in type '{ children: string; color: "text.primary"; fontWeight: number; }' but required in type '{ component: ElementType<any, keyof IntrinsicElements>; }'.
  Overload 2 of 2, '(props: DefaultComponentProps<TypographyTypeMap<{}, "span">>): Element | null', gave the following error.
    Type '{ children: string; color: "text.primary"; fontWeight: number; }' is not assignable to type 'IntrinsicAttributes & TypographyOwnProps & CommonProps & Omit<DetailedHTMLProps<HTMLAttributes<HTMLSpanElement>, HTMLSpanElement>, "color" | ... 9 more ... | "variantMapping">'.
      Property 'fontWeight' does not exist on type 'IntrinsicAttributes & TypographyOwnProps & CommonProps & Omit<DetailedHTMLProps<HTMLAttributes<HTMLSpanElement>, HTMLSpanElement>, "color" | ... 9 more ... | "variantMapping">'.
src/pages/super-admin/HappyHourOffersPage.tsx(135,68): error TS2322: Type '{ label: string; required: true; type: "number"; inputProps: { min: number; max: number; }; value: string; onChange: (e: ChangeEvent<HTMLInputElement | HTMLTextAreaElement, Element>) => void; sx: { ...; }; }' is not assignable to type 'IntrinsicAttributes & { variant?: TextFieldVariants | undefined; } & Omit<OutlinedTextFieldProps | FilledTextFieldProps | StandardTextFieldProps, "variant">'.
  Property 'inputProps' does not exist on type 'IntrinsicAttributes & { variant?: TextFieldVariants | undefined; } & Omit<OutlinedTextFieldProps | FilledTextFieldProps | StandardTextFieldProps, "variant">'.
src/pages/super-admin/SalarySlipsPage.tsx(742,9): error TS2322: Type '{ children: Element[]; open: boolean; onClose: () => void; maxWidth: "md"; fullWidth: true; PaperProps: { sx: { borderRadius: string; overflow: string; maxHeight: string; }; }; }' is not assignable to type 'IntrinsicAttributes & DialogProps'.
  Property 'PaperProps' does not exist on type 'IntrinsicAttributes & DialogProps'.
src/pages/super-admin/SalarySlipsPage.tsx(1008,47): error TS17001: JSX elements cannot have multiple attributes with the same name.
src/pages/super-admin/SalarySlipsPage.tsx(1229,9): error TS2322: Type '{ children: Element[]; open: boolean; onClose: () => void; maxWidth: "lg"; fullWidth: true; PaperProps: { sx: { borderRadius: string; overflow: string; height: string; }; }; }' is not assignable to type 'IntrinsicAttributes & DialogProps'.
  Property 'PaperProps' does not exist on type 'IntrinsicAttributes & DialogProps'.
